[2020-11-21 18:37:44,716: INFO/ForkPoolWorker-1] email_sending.tasks.add[00c5e0f9-8872-48b9-bf26-be5ab2577eae]: 
Sum = 50
[2020-11-21 18:37:44,730: INFO/ForkPoolWorker-1] Task email_sending.tasks.add[00c5e0f9-8872-48b9-bf26-be5ab2577eae] succeeded in 0.013824759997078218s: 50
[2020-11-21 18:37:49,650: INFO/MainProcess] Scheduler: Sending due task show_data_time_task (email_sending.tasks.show_data_time_task)
[2020-11-21 18:37:49,653: INFO/MainProcess] Received task: email_sending.tasks.show_data_time_task[dcdbc9ee-7cad-4c65-9cdb-75bcd01d1f59]  
[2020-11-21 18:37:49,656: INFO/ForkPoolWorker-1] email_sending.tasks.show_data_time_task[dcdbc9ee-7cad-4c65-9cdb-75bcd01d1f59]: 
******NOW : 11/21/20 - 18:37:49
[2020-11-21 18:37:49,668: INFO/ForkPoolWorker-1] Task email_sending.tasks.show_data_time_task[dcdbc9ee-7cad-4c65-9cdb-75bcd01d1f59] succeeded in 0.012170361005701125s: '11/21/20 - 18:37:49'
[2020-11-21 18:37:49,712: INFO/MainProcess] Scheduler: Sending due task add (email_sending.tasks.add)
[2020-11-21 18:37:49,715: INFO/MainProcess] Received task: email_sending.tasks.add[61817e51-4219-4490-9bb6-eb206250cbe1]  
[2020-11-21 18:37:49,717: INFO/ForkPoolWorker-1] email_sending.tasks.add[61817e51-4219-4490-9bb6-eb206250cbe1]: 
Sum = 50
[2020-11-21 18:37:49,728: INFO/ForkPoolWorker-1] Task email_sending.tasks.add[61817e51-4219-4490-9bb6-eb206250cbe1] succeeded in 0.01050816998758819s: 50
[2020-11-21 18:38:53,661: INFO/MainProcess] Connected to amqp://admin:**@127.0.0.1:5672//
[2020-11-21 18:38:53,714: INFO/MainProcess] mingle: searching for neighbors
[2020-11-21 18:38:54,786: INFO/MainProcess] mingle: all alone
[2020-11-21 18:38:54,830: WARNING/MainProcess] /home/sorin/anaconda3/lib/python3.7/site-packages/celery/fixups/django.py:206: UserWarning: Using settings.DEBUG leads to a memory
            leak, never use this setting in production environments!
  leak, never use this setting in production environments!''')
[2020-11-21 18:38:54,831: INFO/MainProcess] celery@sorin-VirtualBox ready.
[2020-11-21 18:38:59,243: INFO/MainProcess] Events of group {task} enabled by remote.
[2020-11-21 18:39:11,782: INFO/MainProcess] Connected to amqp://admin:**@127.0.0.1:5672//
[2020-11-21 18:39:11,827: INFO/MainProcess] mingle: searching for neighbors
[2020-11-21 18:39:12,906: INFO/MainProcess] mingle: all alone
[2020-11-21 18:39:12,956: WARNING/MainProcess] /home/sorin/anaconda3/lib/python3.7/site-packages/celery/fixups/django.py:206: UserWarning: Using settings.DEBUG leads to a memory
            leak, never use this setting in production environments!
  leak, never use this setting in production environments!''')
[2020-11-21 18:39:12,956: INFO/MainProcess] celery@sorin-VirtualBox ready.
[2020-11-21 18:39:14,243: INFO/MainProcess] Events of group {task} enabled by remote.
[2020-11-21 18:39:14,588: INFO/MainProcess] Received task: email_sending.tasks.add[9d764c77-2815-4316-bdae-fd58ed17b99e]  
[2020-11-21 18:39:14,593: INFO/MainProcess] Received task: email_sending.tasks.show_data_time_task[075a32df-8f8e-4855-811f-e6f00be96a60]  
[2020-11-21 18:39:14,594: INFO/ForkPoolWorker-1] email_sending.tasks.add[9d764c77-2815-4316-bdae-fd58ed17b99e]: 
Sum = 30
[2020-11-21 18:39:14,595: INFO/ForkPoolWorker-2] email_sending.tasks.show_data_time_task[075a32df-8f8e-4855-811f-e6f00be96a60]: 
NOW : 11/21/20 - 18:39:14
[2020-11-21 18:39:14,656: INFO/ForkPoolWorker-2] Task email_sending.tasks.show_data_time_task[075a32df-8f8e-4855-811f-e6f00be96a60] succeeded in 0.06188411099719815s: '11/21/20 - 18:39:14'
[2020-11-21 18:39:14,673: INFO/ForkPoolWorker-1] Task email_sending.tasks.add[9d764c77-2815-4316-bdae-fd58ed17b99e] succeeded in 0.07903532200725749s: 30
[2020-11-21 18:39:27,589: INFO/MainProcess] Received task: email_sending.tasks.send_email_task[6a77e86e-e347-4467-b61b-c31208621f20]  
[2020-11-21 18:39:29,184: INFO/ForkPoolWorker-1] email_sending.tasks.send_email_task[6a77e86e-e347-4467-b61b-c31208621f20]: 
Mail sent !!!!!!!!!!!!!!!!!?????????? - 1
[2020-11-21 18:39:29,219: INFO/ForkPoolWorker-1] Task email_sending.tasks.send_email_task[6a77e86e-e347-4467-b61b-c31208621f20] succeeded in 1.6277597739972407s: None
[2020-11-21 18:40:01,585: INFO/MainProcess] Received task: email_sending.tasks.send_email_task[f29790fa-de4a-4aa5-808d-c5868ca50c1b]  
[2020-11-21 18:40:02,862: INFO/ForkPoolWorker-1] email_sending.tasks.send_email_task[f29790fa-de4a-4aa5-808d-c5868ca50c1b]: 
Mail sent !!!!!!!!!!!!!!!!!?????????? - 1
[2020-11-21 18:40:02,877: INFO/ForkPoolWorker-1] Task email_sending.tasks.send_email_task[f29790fa-de4a-4aa5-808d-c5868ca50c1b] succeeded in 1.2883257039939053s: None
[2020-11-21 18:40:25,531: INFO/MainProcess] Received task: email_sending.tasks.send_email_task[97821ad6-3705-4b4c-bb09-f8004fd5330e]  
[2020-11-21 18:40:26,699: INFO/ForkPoolWorker-1] email_sending.tasks.send_email_task[97821ad6-3705-4b4c-bb09-f8004fd5330e]: 
Mail sent !!!!!!!!!!!!!!!!!?????????? - 1
[2020-11-21 18:40:26,712: INFO/ForkPoolWorker-1] Task email_sending.tasks.send_email_task[97821ad6-3705-4b4c-bb09-f8004fd5330e] succeeded in 1.178602840998792s: None
[2020-11-21 18:41:29,401: INFO/MainProcess] Connected to amqp://admin:**@127.0.0.1:5672//
[2020-11-21 18:41:29,428: INFO/MainProcess] mingle: searching for neighbors
[2020-11-21 18:41:30,475: INFO/MainProcess] mingle: all alone
[2020-11-21 18:41:30,537: WARNING/MainProcess] /home/sorin/anaconda3/lib/python3.7/site-packages/celery/fixups/django.py:206: UserWarning: Using settings.DEBUG leads to a memory
            leak, never use this setting in production environments!
  leak, never use this setting in production environments!''')
[2020-11-21 18:41:30,537: INFO/MainProcess] celery@sorin-VirtualBox ready.
[2020-11-21 18:41:34,243: INFO/MainProcess] Events of group {task} enabled by remote.
[2020-11-21 18:41:42,943: INFO/MainProcess] Received task: email_sending.tasks.send_email_task[844714f5-e406-4616-9b8e-4c510533ba85]  
[2020-11-21 18:41:44,458: INFO/ForkPoolWorker-1] email_sending.tasks.send_email_task[844714f5-e406-4616-9b8e-4c510533ba85]: 
Mail sent! - 1
[2020-11-21 18:41:44,508: INFO/ForkPoolWorker-1] Task email_sending.tasks.send_email_task[844714f5-e406-4616-9b8e-4c510533ba85] succeeded in 1.56285219900019s: None
[2020-11-21 18:42:19,063: INFO/MainProcess] beat: Starting...
[2020-11-21 18:42:19,159: INFO/MainProcess] Scheduler: Sending due task show_data_time_task (email_sending.tasks.show_data_time_task)
[2020-11-21 18:42:19,172: INFO/MainProcess] Scheduler: Sending due task add (email_sending.tasks.add)
[2020-11-21 18:42:19,172: INFO/MainProcess] Received task: email_sending.tasks.show_data_time_task[4882cf44-ceab-47d3-b7d4-baaf09de8dca]  
[2020-11-21 18:42:19,176: INFO/MainProcess] Received task: email_sending.tasks.add[1f400ec2-7ebf-4582-9dfb-1ec1ddfa4b31]  
[2020-11-21 18:42:19,177: INFO/ForkPoolWorker-1] email_sending.tasks.show_data_time_task[4882cf44-ceab-47d3-b7d4-baaf09de8dca]: 
NOW : 11/21/20 - 18:42:19
[2020-11-21 18:42:19,177: INFO/ForkPoolWorker-2] email_sending.tasks.add[1f400ec2-7ebf-4582-9dfb-1ec1ddfa4b31]: 
Sum = 50
[2020-11-21 18:42:19,192: INFO/ForkPoolWorker-1] Task email_sending.tasks.show_data_time_task[4882cf44-ceab-47d3-b7d4-baaf09de8dca] succeeded in 0.015624211009708233s: '11/21/20 - 18:42:19'
[2020-11-21 18:42:19,209: INFO/ForkPoolWorker-2] Task email_sending.tasks.add[1f400ec2-7ebf-4582-9dfb-1ec1ddfa4b31] succeeded in 0.031678660001489334s: 50
[2020-11-21 18:42:24,103: INFO/MainProcess] Scheduler: Sending due task show_data_time_task (email_sending.tasks.show_data_time_task)
[2020-11-21 18:42:24,106: INFO/MainProcess] Received task: email_sending.tasks.show_data_time_task[c17a5d86-23b5-43a7-83b9-777b1be217b7]  
[2020-11-21 18:42:24,110: INFO/ForkPoolWorker-1] email_sending.tasks.show_data_time_task[c17a5d86-23b5-43a7-83b9-777b1be217b7]: 
NOW : 11/21/20 - 18:42:24
[2020-11-21 18:42:24,127: INFO/ForkPoolWorker-1] Task email_sending.tasks.show_data_time_task[c17a5d86-23b5-43a7-83b9-777b1be217b7] succeeded in 0.017381664001732133s: '11/21/20 - 18:42:24'
[2020-11-21 18:42:24,172: INFO/MainProcess] Scheduler: Sending due task add (email_sending.tasks.add)
[2020-11-21 18:42:24,175: INFO/MainProcess] Received task: email_sending.tasks.add[b499690e-e4fd-4f19-936e-7224691d2d1d]  
[2020-11-21 18:42:24,178: INFO/ForkPoolWorker-1] email_sending.tasks.add[b499690e-e4fd-4f19-936e-7224691d2d1d]: 
Sum = 50
[2020-11-21 18:42:24,186: INFO/ForkPoolWorker-1] Task email_sending.tasks.add[b499690e-e4fd-4f19-936e-7224691d2d1d] succeeded in 0.008237111003836617s: 50
[2020-11-21 18:42:29,103: INFO/MainProcess] Scheduler: Sending due task show_data_time_task (email_sending.tasks.show_data_time_task)
[2020-11-21 18:42:29,105: INFO/MainProcess] Received task: email_sending.tasks.show_data_time_task[71011f21-a4d4-4191-b755-153bdddf93e3]  
[2020-11-21 18:42:29,107: INFO/ForkPoolWorker-1] email_sending.tasks.show_data_time_task[71011f21-a4d4-4191-b755-153bdddf93e3]: 
NOW : 11/21/20 - 18:42:29
[2020-11-21 18:42:29,120: INFO/ForkPoolWorker-1] Task email_sending.tasks.show_data_time_task[71011f21-a4d4-4191-b755-153bdddf93e3] succeeded in 0.013225756993051618s: '11/21/20 - 18:42:29'
[2020-11-21 18:42:29,172: INFO/MainProcess] Scheduler: Sending due task add (email_sending.tasks.add)
[2020-11-21 18:42:29,174: INFO/MainProcess] Received task: email_sending.tasks.add[08e1bb97-1144-486e-86c2-416502f424fd]  
[2020-11-21 18:42:29,177: INFO/ForkPoolWorker-1] email_sending.tasks.add[08e1bb97-1144-486e-86c2-416502f424fd]: 
Sum = 50
[2020-11-21 18:42:29,186: INFO/ForkPoolWorker-1] Task email_sending.tasks.add[08e1bb97-1144-486e-86c2-416502f424fd] succeeded in 0.009375695997732691s: 50
[2020-11-21 18:47:07,507: INFO/MainProcess] Connected to amqp://admin:**@127.0.0.1:5672//
[2020-11-21 18:47:07,548: INFO/MainProcess] mingle: searching for neighbors
[2020-11-21 18:47:08,591: INFO/MainProcess] mingle: all alone
[2020-11-21 18:47:08,610: WARNING/MainProcess] /home/sorin/anaconda3/lib/python3.7/site-packages/celery/fixups/django.py:206: UserWarning: Using settings.DEBUG leads to a memory
            leak, never use this setting in production environments!
  leak, never use this setting in production environments!''')
[2020-11-21 18:47:08,611: INFO/MainProcess] celery@sorin-VirtualBox ready.
[2020-11-21 18:47:09,254: INFO/MainProcess] Events of group {task} enabled by remote.
[2020-11-21 18:47:22,103: INFO/MainProcess] Received task: email_sending.tasks.send_email_task[8eb13822-c135-4e88-bbd5-7275d2b7b6c5]  
[2020-11-21 18:47:23,447: INFO/ForkPoolWorker-1] email_sending.tasks.send_email_task[8eb13822-c135-4e88-bbd5-7275d2b7b6c5]: 
Mail sent! - 1
[2020-11-21 18:47:23,488: INFO/ForkPoolWorker-1] Task email_sending.tasks.send_email_task[8eb13822-c135-4e88-bbd5-7275d2b7b6c5] succeeded in 1.3811844759911764s: None
[2020-11-21 18:47:39,922: INFO/MainProcess] beat: Starting...
[2020-11-21 18:47:39,953: INFO/MainProcess] Scheduler: Sending due task show_data_time_task (email_sending.tasks.show_data_time_task)
[2020-11-21 18:47:39,962: ERROR/MainProcess] Received unregistered task of type 'email_sending.tasks.show_data_time_task'.
The message has been ignored and discarded.

Did you remember to import the module containing this task?
Or maybe you're using relative imports?

Please see
http://docs.celeryq.org/en/latest/internals/protocol.html
for more information.

The full contents of the message body was:
'[[], {}, {"callbacks": null, "errbacks": null, "chain": null, "chord": null}]' (77b)
Traceback (most recent call last):
  File "/home/sorin/anaconda3/lib/python3.7/site-packages/celery/worker/consumer/consumer.py", line 562, in on_task_received
    strategy = strategies[type_]
KeyError: 'email_sending.tasks.show_data_time_task'
[2020-11-21 18:47:39,973: INFO/MainProcess] Scheduler: Sending due task add (email_sending.tasks.add)
[2020-11-21 18:47:39,995: INFO/MainProcess] Received task: email_sending.tasks.add[b2298e2f-b1f5-4b93-b031-e8c078fa7665]  
[2020-11-21 18:47:41,612: INFO/ForkPoolWorker-1] email_sending.tasks.add[b2298e2f-b1f5-4b93-b031-e8c078fa7665]: 
Sum = 50
[2020-11-21 18:47:41,631: INFO/ForkPoolWorker-1] Task email_sending.tasks.add[b2298e2f-b1f5-4b93-b031-e8c078fa7665] succeeded in 0.01909453800180927s: 50
[2020-11-21 18:47:44,934: INFO/MainProcess] Scheduler: Sending due task show_data_time_task (email_sending.tasks.show_data_time_task)
[2020-11-21 18:47:44,941: ERROR/MainProcess] Received unregistered task of type 'email_sending.tasks.show_data_time_task'.
The message has been ignored and discarded.

Did you remember to import the module containing this task?
Or maybe you're using relative imports?

Please see
http://docs.celeryq.org/en/latest/internals/protocol.html
for more information.

The full contents of the message body was:
'[[], {}, {"callbacks": null, "errbacks": null, "chain": null, "chord": null}]' (77b)
Traceback (most recent call last):
  File "/home/sorin/anaconda3/lib/python3.7/site-packages/celery/worker/consumer/consumer.py", line 562, in on_task_received
    strategy = strategies[type_]
KeyError: 'email_sending.tasks.show_data_time_task'
[2020-11-21 18:47:44,979: INFO/MainProcess] Scheduler: Sending due task add (email_sending.tasks.add)
[2020-11-21 18:47:44,985: INFO/MainProcess] Received task: email_sending.tasks.add[f9dd6aa4-7478-4e36-b388-8c686a732fcb]  
[2020-11-21 18:47:44,988: INFO/ForkPoolWorker-1] email_sending.tasks.add[f9dd6aa4-7478-4e36-b388-8c686a732fcb]: 
Sum = 50
[2020-11-21 18:47:45,001: INFO/ForkPoolWorker-1] Task email_sending.tasks.add[f9dd6aa4-7478-4e36-b388-8c686a732fcb] succeeded in 0.012912378995679319s: 50
[2020-11-21 18:47:49,934: INFO/MainProcess] Scheduler: Sending due task show_data_time_task (email_sending.tasks.show_data_time_task)
[2020-11-21 18:47:49,938: ERROR/MainProcess] Received unregistered task of type 'email_sending.tasks.show_data_time_task'.
The message has been ignored and discarded.

Did you remember to import the module containing this task?
Or maybe you're using relative imports?

Please see
http://docs.celeryq.org/en/latest/internals/protocol.html
for more information.

The full contents of the message body was:
'[[], {}, {"callbacks": null, "errbacks": null, "chain": null, "chord": null}]' (77b)
Traceback (most recent call last):
  File "/home/sorin/anaconda3/lib/python3.7/site-packages/celery/worker/consumer/consumer.py", line 562, in on_task_received
    strategy = strategies[type_]
KeyError: 'email_sending.tasks.show_data_time_task'
[2020-11-21 18:47:49,979: INFO/MainProcess] Scheduler: Sending due task add (email_sending.tasks.add)
[2020-11-21 18:47:49,981: INFO/MainProcess] Received task: email_sending.tasks.add[9d439f41-12ce-44e2-ba97-77e9d5337fbc]  
[2020-11-21 18:47:49,983: INFO/ForkPoolWorker-1] email_sending.tasks.add[9d439f41-12ce-44e2-ba97-77e9d5337fbc]: 
Sum = 50
[2020-11-21 18:47:49,996: INFO/ForkPoolWorker-1] Task email_sending.tasks.add[9d439f41-12ce-44e2-ba97-77e9d5337fbc] succeeded in 0.013540416999603622s: 50
[2020-11-21 18:48:17,666: INFO/MainProcess] beat: Starting...
[2020-11-21 18:48:17,703: INFO/MainProcess] Scheduler: Sending due task show_data_time_task (email_sending.tasks.show_date_time_task)
[2020-11-21 18:48:17,712: INFO/MainProcess] Received task: email_sending.tasks.show_date_time_task[571d9734-6051-421a-8b9f-d544bf480ee5]  
[2020-11-21 18:48:17,714: INFO/MainProcess] Scheduler: Sending due task add (email_sending.tasks.add)
[2020-11-21 18:48:17,715: INFO/ForkPoolWorker-1] email_sending.tasks.show_date_time_task[571d9734-6051-421a-8b9f-d544bf480ee5]: 
NOW : 11/21/20 - 18:48:17
[2020-11-21 18:48:17,721: INFO/MainProcess] Received task: email_sending.tasks.add[809290e2-2045-45cc-b74c-c4073286bc1f]  
[2020-11-21 18:48:17,724: INFO/ForkPoolWorker-2] email_sending.tasks.add[809290e2-2045-45cc-b74c-c4073286bc1f]: 
Sum = 50
[2020-11-21 18:48:17,727: INFO/ForkPoolWorker-1] Task email_sending.tasks.show_date_time_task[571d9734-6051-421a-8b9f-d544bf480ee5] succeeded in 0.011794539997936226s: '11/21/20 - 18:48:17'
[2020-11-21 18:48:17,738: INFO/ForkPoolWorker-2] Task email_sending.tasks.add[809290e2-2045-45cc-b74c-c4073286bc1f] succeeded in 0.014015714987181127s: 50
[2020-11-21 18:48:22,682: INFO/MainProcess] Scheduler: Sending due task show_data_time_task (email_sending.tasks.show_date_time_task)
[2020-11-21 18:48:22,686: INFO/MainProcess] Received task: email_sending.tasks.show_date_time_task[d377b8de-6d5e-4cf3-8ac5-6796fae02073]  
[2020-11-21 18:48:22,689: INFO/ForkPoolWorker-1] email_sending.tasks.show_date_time_task[d377b8de-6d5e-4cf3-8ac5-6796fae02073]: 
NOW : 11/21/20 - 18:48:22
[2020-11-21 18:48:22,708: INFO/ForkPoolWorker-1] Task email_sending.tasks.show_date_time_task[d377b8de-6d5e-4cf3-8ac5-6796fae02073] succeeded in 0.019875918005709536s: '11/21/20 - 18:48:22'
[2020-11-21 18:48:22,714: INFO/MainProcess] Scheduler: Sending due task add (email_sending.tasks.add)
[2020-11-21 18:48:22,716: INFO/MainProcess] Received task: email_sending.tasks.add[0b367616-a62c-4dac-a0c8-9231266cac27]  
[2020-11-21 18:48:22,719: INFO/ForkPoolWorker-1] email_sending.tasks.add[0b367616-a62c-4dac-a0c8-9231266cac27]: 
Sum = 50
[2020-11-21 18:48:22,729: INFO/ForkPoolWorker-1] Task email_sending.tasks.add[0b367616-a62c-4dac-a0c8-9231266cac27] succeeded in 0.01063521001196932s: 50
[2020-11-21 18:48:27,685: INFO/MainProcess] Scheduler: Sending due task show_data_time_task (email_sending.tasks.show_date_time_task)
[2020-11-21 18:48:27,688: INFO/MainProcess] Received task: email_sending.tasks.show_date_time_task[968893b9-0c99-47d9-a075-0bbd79fb1b1d]  
[2020-11-21 18:48:27,691: INFO/ForkPoolWorker-1] email_sending.tasks.show_date_time_task[968893b9-0c99-47d9-a075-0bbd79fb1b1d]: 
NOW : 11/21/20 - 18:48:27
[2020-11-21 18:48:27,714: INFO/MainProcess] Scheduler: Sending due task add (email_sending.tasks.add)
[2020-11-21 18:48:27,717: INFO/MainProcess] Received task: email_sending.tasks.add[5e288f49-cb6b-4b3c-8004-5eefb53d01c3]  
[2020-11-21 18:48:27,719: INFO/ForkPoolWorker-2] email_sending.tasks.add[5e288f49-cb6b-4b3c-8004-5eefb53d01c3]: 
Sum = 50
[2020-11-21 18:48:27,728: INFO/ForkPoolWorker-1] Task email_sending.tasks.show_date_time_task[968893b9-0c99-47d9-a075-0bbd79fb1b1d] succeeded in 0.03687869998975657s: '11/21/20 - 18:48:27'
[2020-11-21 18:48:27,743: INFO/ForkPoolWorker-2] Task email_sending.tasks.add[5e288f49-cb6b-4b3c-8004-5eefb53d01c3] succeeded in 0.024085732002276927s: 50
[2020-11-21 18:48:32,685: INFO/MainProcess] Scheduler: Sending due task show_data_time_task (email_sending.tasks.show_date_time_task)
[2020-11-21 18:48:32,688: INFO/MainProcess] Received task: email_sending.tasks.show_date_time_task[93e4a58c-f2a8-4567-8893-3c88e313d5f8]  
[2020-11-21 18:48:32,691: INFO/ForkPoolWorker-1] email_sending.tasks.show_date_time_task[93e4a58c-f2a8-4567-8893-3c88e313d5f8]: 
NOW : 11/21/20 - 18:48:32
[2020-11-21 18:48:32,729: INFO/ForkPoolWorker-1] Task email_sending.tasks.show_date_time_task[93e4a58c-f2a8-4567-8893-3c88e313d5f8] succeeded in 0.03795410999737214s: '11/21/20 - 18:48:32'
[2020-11-21 18:51:45,223: INFO/MainProcess] beat: Starting...
[2020-11-21 18:51:45,277: INFO/MainProcess] Scheduler: Sending due task show_data_time_task (email_sending.tasks.show_date_time_task)
[2020-11-21 18:51:45,300: INFO/MainProcess] Received task: email_sending.tasks.show_date_time_task[296337cb-b80a-4ca8-9a72-464b99bcbfe4]  
[2020-11-21 18:51:45,302: INFO/ForkPoolWorker-1] email_sending.tasks.show_date_time_task[296337cb-b80a-4ca8-9a72-464b99bcbfe4]: 
NOW : 11/21/20 - 18:51:45
[2020-11-21 18:51:45,304: INFO/MainProcess] Scheduler: Sending due task add (email_sending.tasks.add)
[2020-11-21 18:51:45,306: INFO/MainProcess] Received task: email_sending.tasks.add[26742a5f-ec88-4fd0-a75f-6dd6864bde8f]  
[2020-11-21 18:51:45,309: INFO/ForkPoolWorker-2] email_sending.tasks.add[26742a5f-ec88-4fd0-a75f-6dd6864bde8f]: 
Sum = 50
[2020-11-21 18:51:45,315: INFO/ForkPoolWorker-1] Task email_sending.tasks.show_date_time_task[296337cb-b80a-4ca8-9a72-464b99bcbfe4] succeeded in 0.0136466759868199s: '11/21/20 - 18:51:45'
[2020-11-21 18:51:45,325: INFO/ForkPoolWorker-2] Task email_sending.tasks.add[26742a5f-ec88-4fd0-a75f-6dd6864bde8f] succeeded in 0.015359305005404167s: 50
[2020-11-21 18:51:58,042: INFO/MainProcess] Connected to amqp://admin:**@127.0.0.1:5672//
[2020-11-21 18:51:58,096: INFO/MainProcess] mingle: searching for neighbors
[2020-11-21 18:51:59,154: INFO/MainProcess] mingle: all alone
[2020-11-21 18:51:59,178: WARNING/MainProcess] /home/sorin/anaconda3/lib/python3.7/site-packages/celery/fixups/django.py:206: UserWarning: Using settings.DEBUG leads to a memory
            leak, never use this setting in production environments!
  leak, never use this setting in production environments!''')
[2020-11-21 18:51:59,178: INFO/MainProcess] celery@sorin-VirtualBox ready.
[2020-11-21 18:51:59,242: INFO/MainProcess] Events of group {task} enabled by remote.
[2020-11-21 18:53:12,489: INFO/MainProcess] Received task: email_sending.tasks.send_email_task[f59f7d5e-4d19-421c-806a-bab93ef75bd1]  
[2020-11-21 18:53:13,960: INFO/ForkPoolWorker-1] email_sending.tasks.send_email_task[f59f7d5e-4d19-421c-806a-bab93ef75bd1]: 
Mail sent!
SUBJECT: Test mail ...
MESSAGE: Using logging with celery and celery beat
SENDER: testmailadres1919@gmail.com
RECIVER: azan9@puttingpv.com
[2020-11-21 18:53:13,976: INFO/ForkPoolWorker-1] Task email_sending.tasks.send_email_task[f59f7d5e-4d19-421c-806a-bab93ef75bd1] succeeded in 1.48399923001125s: None
[2020-11-21 19:09:57,762: INFO/MainProcess] beat: Starting...
[2020-11-21 19:09:57,825: INFO/MainProcess] Scheduler: Sending due task show_data_time_task (email_sending.tasks.show_date_time_task)
[2020-11-21 19:09:57,845: INFO/MainProcess] Received task: email_sending.tasks.show_date_time_task[a1aed4f1-5d08-4e5d-a3a0-7921dadd20a6]  
[2020-11-21 19:09:57,849: INFO/ForkPoolWorker-1] email_sending.tasks.show_date_time_task[a1aed4f1-5d08-4e5d-a3a0-7921dadd20a6]: 
NOW : 11/21/20 - 19:09:57
[2020-11-21 19:09:57,852: INFO/MainProcess] Scheduler: Sending due task add (email_sending.tasks.add)
[2020-11-21 19:09:57,855: INFO/MainProcess] Received task: email_sending.tasks.add[4a0c0336-3039-4144-913b-00d468d1cd41]  
[2020-11-21 19:09:57,859: INFO/ForkPoolWorker-2] email_sending.tasks.add[4a0c0336-3039-4144-913b-00d468d1cd41]: 
Sum = 50
[2020-11-21 19:09:57,874: INFO/ForkPoolWorker-1] Task email_sending.tasks.show_date_time_task[a1aed4f1-5d08-4e5d-a3a0-7921dadd20a6] succeeded in 0.025233470994862728s: '11/21/20 - 19:09:57'
[2020-11-21 19:09:57,887: INFO/ForkPoolWorker-2] Task email_sending.tasks.add[4a0c0336-3039-4144-913b-00d468d1cd41] succeeded in 0.02794573499704711s: 50
[2020-11-21 19:10:02,799: INFO/MainProcess] Scheduler: Sending due task show_data_time_task (email_sending.tasks.show_date_time_task)
[2020-11-21 19:10:02,802: INFO/MainProcess] Received task: email_sending.tasks.show_date_time_task[8edbfd1c-80f8-49d7-ac71-c3e0265d3076]  
[2020-11-21 19:10:02,804: INFO/ForkPoolWorker-1] email_sending.tasks.show_date_time_task[8edbfd1c-80f8-49d7-ac71-c3e0265d3076]: 
NOW : 11/21/20 - 19:10:02
[2020-11-21 19:10:02,820: INFO/ForkPoolWorker-1] Task email_sending.tasks.show_date_time_task[8edbfd1c-80f8-49d7-ac71-c3e0265d3076] succeeded in 0.015677689996664412s: '11/21/20 - 19:10:02'
[2020-11-21 19:10:02,852: INFO/MainProcess] Scheduler: Sending due task add (email_sending.tasks.add)
[2020-11-21 19:10:02,854: INFO/MainProcess] Received task: email_sending.tasks.add[eec6a049-4c54-4d70-89a0-b5f294d74b18]  
[2020-11-21 19:10:02,857: INFO/ForkPoolWorker-1] email_sending.tasks.add[eec6a049-4c54-4d70-89a0-b5f294d74b18]: 
Sum = 50
[2020-11-21 19:10:02,868: INFO/ForkPoolWorker-1] Task email_sending.tasks.add[eec6a049-4c54-4d70-89a0-b5f294d74b18] succeeded in 0.010960758998407982s: 50
[2020-11-21 19:10:07,799: INFO/MainProcess] Scheduler: Sending due task show_data_time_task (email_sending.tasks.show_date_time_task)
[2020-11-21 19:10:07,802: INFO/MainProcess] Received task: email_sending.tasks.show_date_time_task[2bea01a2-9d4c-47cc-870f-71f4a71df5ec]  
[2020-11-21 19:10:07,803: INFO/ForkPoolWorker-1] email_sending.tasks.show_date_time_task[2bea01a2-9d4c-47cc-870f-71f4a71df5ec]: 
NOW : 11/21/20 - 19:10:07
[2020-11-21 19:10:07,812: INFO/ForkPoolWorker-1] Task email_sending.tasks.show_date_time_task[2bea01a2-9d4c-47cc-870f-71f4a71df5ec] succeeded in 0.009503239998593926s: '11/21/20 - 19:10:07'
[2020-11-21 19:10:07,852: INFO/MainProcess] Scheduler: Sending due task add (email_sending.tasks.add)
[2020-11-21 19:10:07,855: INFO/MainProcess] Received task: email_sending.tasks.add[6f6841c9-e0cf-4c99-b170-214923b048b1]  
[2020-11-21 19:10:07,858: INFO/ForkPoolWorker-1] email_sending.tasks.add[6f6841c9-e0cf-4c99-b170-214923b048b1]: 
Sum = 50
[2020-11-21 19:10:07,867: INFO/ForkPoolWorker-1] Task email_sending.tasks.add[6f6841c9-e0cf-4c99-b170-214923b048b1] succeeded in 0.009658121009124443s: 50
[2020-11-21 19:14:15,249: INFO/MainProcess] Received task: email_sending.tasks.send_email_task[61fef41a-1197-42b5-a4e8-9df01d798740]  
[2020-11-21 19:14:16,712: INFO/ForkPoolWorker-1] email_sending.tasks.send_email_task[61fef41a-1197-42b5-a4e8-9df01d798740]: 
Mail sent!
SUBJECT: Test mail ...
MESSAGE: Using logging with celery and celery beat
SENDER: testmailadres1919@gmail.com
RECIVER: azan9@puttingpv.com
[2020-11-21 19:14:16,729: INFO/ForkPoolWorker-1] Task email_sending.tasks.send_email_task[61fef41a-1197-42b5-a4e8-9df01d798740] succeeded in 1.4761581710044993s: None
[2020-11-23 06:40:03,233: INFO/MainProcess] Connected to amqp://admin:**@127.0.0.1:5672//
[2020-11-23 06:40:03,267: INFO/MainProcess] mingle: searching for neighbors
[2020-11-23 06:40:04,311: INFO/MainProcess] mingle: all alone
[2020-11-23 06:40:04,334: WARNING/MainProcess] /home/sorin/anaconda3/lib/python3.7/site-packages/celery/fixups/django.py:206: UserWarning: Using settings.DEBUG leads to a memory
            leak, never use this setting in production environments!
  leak, never use this setting in production environments!''')
[2020-11-23 06:40:04,334: INFO/MainProcess] celery@sorin-VirtualBox ready.
[2020-11-23 06:40:20,206: INFO/MainProcess] Connected to amqp://admin:**@127.0.0.1:5672//
[2020-11-23 06:40:20,233: INFO/MainProcess] mingle: searching for neighbors
[2020-11-23 06:40:21,367: INFO/MainProcess] mingle: all alone
[2020-11-23 06:40:21,388: WARNING/MainProcess] /home/sorin/anaconda3/lib/python3.7/site-packages/kombu/pidbox.py:74: UserWarning: A node named celery@sorin-VirtualBox is already using this process mailbox!

Maybe you forgot to shutdown the other node or did not do so properly?
Or if you meant to start multiple nodes on the same host please make sure
you give each node a unique node name!

  warnings.warn(W_PIDBOX_IN_USE.format(node=self))
[2020-11-23 06:40:21,390: WARNING/MainProcess] /home/sorin/anaconda3/lib/python3.7/site-packages/celery/fixups/django.py:206: UserWarning: Using settings.DEBUG leads to a memory
            leak, never use this setting in production environments!
  leak, never use this setting in production environments!''')
[2020-11-23 06:40:21,390: INFO/MainProcess] celery@sorin-VirtualBox ready.
[2020-11-23 06:41:25,789: INFO/MainProcess] Events of group {task} enabled by remote.
[2020-11-23 06:41:30,788: INFO/MainProcess] Events of group {task} enabled by remote.
[2020-11-23 06:43:45,474: INFO/MainProcess] Received task: email_sending.tasks.add[61c033b7-b661-4b9f-9d53-1fcc09257fcd]  
[2020-11-23 06:43:45,477: INFO/ForkPoolWorker-1] email_sending.tasks.add[61c033b7-b661-4b9f-9d53-1fcc09257fcd]: 
Sum = 30
[2020-11-23 06:43:45,502: INFO/MainProcess] Received task: email_sending.tasks.show_date_time_task[562ed979-16bc-4d15-9bfd-91dd16533bbc]  
[2020-11-23 06:43:45,509: INFO/ForkPoolWorker-1] email_sending.tasks.show_date_time_task[562ed979-16bc-4d15-9bfd-91dd16533bbc]: 
NOW : 11/23/20 - 06:43:45
[2020-11-23 06:43:45,531: INFO/ForkPoolWorker-1] Task email_sending.tasks.add[61c033b7-b661-4b9f-9d53-1fcc09257fcd] succeeded in 0.05401906899999176s: 30
[2020-11-23 06:43:45,576: INFO/ForkPoolWorker-1] Task email_sending.tasks.show_date_time_task[562ed979-16bc-4d15-9bfd-91dd16533bbc] succeeded in 0.06705993400004218s: '11/23/20 - 06:43:45'
[2020-11-23 06:44:20,234: INFO/MainProcess] Connected to amqp://admin:**@127.0.0.1:5672//
[2020-11-23 06:44:20,265: INFO/MainProcess] mingle: searching for neighbors
[2020-11-23 06:44:21,320: INFO/MainProcess] mingle: all alone
[2020-11-23 06:44:21,353: WARNING/MainProcess] /home/sorin/anaconda3/lib/python3.7/site-packages/celery/fixups/django.py:206: UserWarning: Using settings.DEBUG leads to a memory
            leak, never use this setting in production environments!
  leak, never use this setting in production environments!''')
[2020-11-23 06:44:21,353: INFO/MainProcess] celery@sorin-VirtualBox ready.
[2020-11-23 06:44:25,789: INFO/MainProcess] Events of group {task} enabled by remote.
[2020-11-23 06:45:11,096: INFO/MainProcess] beat: Starting...
[2020-11-23 06:45:11,171: INFO/MainProcess] Scheduler: Sending due task show_data_time_task (email_sending.tasks.show_date_time_task)
[2020-11-23 06:45:11,204: INFO/MainProcess] Scheduler: Sending due task add (email_sending.tasks.add)
[2020-11-23 06:45:11,209: INFO/MainProcess] Received task: email_sending.tasks.show_date_time_task[97439a1a-4cf8-49d3-afbb-85da585d0306]  
[2020-11-23 06:45:11,210: INFO/MainProcess] Received task: email_sending.tasks.add[c2db4a37-c49e-48c4-8e4d-e4bc0df3b3cd]  
[2020-11-23 06:45:11,213: INFO/ForkPoolWorker-1] email_sending.tasks.show_date_time_task[97439a1a-4cf8-49d3-afbb-85da585d0306]: 
NOW : 11/23/20 - 06:45:11
[2020-11-23 06:45:11,213: INFO/ForkPoolWorker-2] email_sending.tasks.add[c2db4a37-c49e-48c4-8e4d-e4bc0df3b3cd]: 
Sum = 50
[2020-11-23 06:45:11,248: INFO/ForkPoolWorker-1] Task email_sending.tasks.show_date_time_task[97439a1a-4cf8-49d3-afbb-85da585d0306] succeeded in 0.03510656400010248s: '11/23/20 - 06:45:11'
[2020-11-23 06:45:11,258: INFO/ForkPoolWorker-2] Task email_sending.tasks.add[c2db4a37-c49e-48c4-8e4d-e4bc0df3b3cd] succeeded in 0.04452132599999459s: 50
[2020-11-23 06:45:16,143: INFO/MainProcess] Scheduler: Sending due task show_data_time_task (email_sending.tasks.show_date_time_task)
[2020-11-23 06:45:16,146: INFO/MainProcess] Received task: email_sending.tasks.show_date_time_task[dc2b6129-9d61-4539-8363-68f6b9c21ca7]  
[2020-11-23 06:45:16,150: INFO/ForkPoolWorker-1] email_sending.tasks.show_date_time_task[dc2b6129-9d61-4539-8363-68f6b9c21ca7]: 
NOW : 11/23/20 - 06:45:16
[2020-11-23 06:45:16,173: INFO/ForkPoolWorker-1] Task email_sending.tasks.show_date_time_task[dc2b6129-9d61-4539-8363-68f6b9c21ca7] succeeded in 0.023455812999941372s: '11/23/20 - 06:45:16'
[2020-11-23 06:45:16,204: INFO/MainProcess] Scheduler: Sending due task add (email_sending.tasks.add)
[2020-11-23 06:45:16,206: INFO/MainProcess] Received task: email_sending.tasks.add[33f3411d-eccc-4710-8180-4b703586e0cf]  
[2020-11-23 06:45:16,210: INFO/ForkPoolWorker-1] email_sending.tasks.add[33f3411d-eccc-4710-8180-4b703586e0cf]: 
Sum = 50
[2020-11-23 06:45:16,219: INFO/ForkPoolWorker-1] Task email_sending.tasks.add[33f3411d-eccc-4710-8180-4b703586e0cf] succeeded in 0.008298784999965392s: 50
[2020-11-23 06:45:21,143: INFO/MainProcess] Scheduler: Sending due task show_data_time_task (email_sending.tasks.show_date_time_task)
[2020-11-23 06:45:21,150: INFO/MainProcess] Received task: email_sending.tasks.show_date_time_task[410dff08-c859-4d13-ab8b-34461ade8735]  
[2020-11-23 06:45:21,154: INFO/ForkPoolWorker-1] email_sending.tasks.show_date_time_task[410dff08-c859-4d13-ab8b-34461ade8735]: 
NOW : 11/23/20 - 06:45:21
[2020-11-23 06:45:21,180: INFO/ForkPoolWorker-1] Task email_sending.tasks.show_date_time_task[410dff08-c859-4d13-ab8b-34461ade8735] succeeded in 0.027940225999941504s: '11/23/20 - 06:45:21'
[2020-11-23 06:45:21,206: INFO/MainProcess] Scheduler: Sending due task add (email_sending.tasks.add)
[2020-11-23 06:45:21,213: INFO/MainProcess] Received task: email_sending.tasks.add[43b5bc77-345a-4484-9af3-1390f3c9a858]  
[2020-11-23 06:45:21,218: INFO/ForkPoolWorker-1] email_sending.tasks.add[43b5bc77-345a-4484-9af3-1390f3c9a858]: 
Sum = 50
[2020-11-23 06:45:21,245: INFO/ForkPoolWorker-1] Task email_sending.tasks.add[43b5bc77-345a-4484-9af3-1390f3c9a858] succeeded in 0.026671370000030947s: 50
[2020-11-23 06:45:26,143: INFO/MainProcess] Scheduler: Sending due task show_data_time_task (email_sending.tasks.show_date_time_task)
[2020-11-23 06:45:26,146: INFO/MainProcess] Received task: email_sending.tasks.show_date_time_task[fa339e52-fb5d-4e80-a4ac-3c0cb7a98e06]  
[2020-11-23 06:45:26,148: INFO/ForkPoolWorker-1] email_sending.tasks.show_date_time_task[fa339e52-fb5d-4e80-a4ac-3c0cb7a98e06]: 
NOW : 11/23/20 - 06:45:26
[2020-11-23 06:45:26,159: INFO/ForkPoolWorker-1] Task email_sending.tasks.show_date_time_task[fa339e52-fb5d-4e80-a4ac-3c0cb7a98e06] succeeded in 0.011143812000000253s: '11/23/20 - 06:45:26'
[2020-11-23 06:45:26,206: INFO/MainProcess] Scheduler: Sending due task add (email_sending.tasks.add)
[2020-11-23 06:45:26,208: INFO/MainProcess] Received task: email_sending.tasks.add[89e1cf2f-9132-4c9e-a0d7-17c2bf843d07]  
[2020-11-23 06:45:26,209: INFO/ForkPoolWorker-1] email_sending.tasks.add[89e1cf2f-9132-4c9e-a0d7-17c2bf843d07]: 
Sum = 50
[2020-11-23 06:45:26,220: INFO/ForkPoolWorker-1] Task email_sending.tasks.add[89e1cf2f-9132-4c9e-a0d7-17c2bf843d07] succeeded in 0.010538390000078834s: 50
[2020-11-23 06:45:31,143: INFO/MainProcess] Scheduler: Sending due task show_data_time_task (email_sending.tasks.show_date_time_task)
[2020-11-23 06:45:31,146: INFO/MainProcess] Received task: email_sending.tasks.show_date_time_task[bf790c67-85ac-4735-a87a-690040731995]  
[2020-11-23 06:45:31,148: INFO/ForkPoolWorker-1] email_sending.tasks.show_date_time_task[bf790c67-85ac-4735-a87a-690040731995]: 
NOW : 11/23/20 - 06:45:31
[2020-11-23 06:45:31,160: INFO/ForkPoolWorker-1] Task email_sending.tasks.show_date_time_task[bf790c67-85ac-4735-a87a-690040731995] succeeded in 0.012439791000019795s: '11/23/20 - 06:45:31'
[2020-11-23 06:45:31,207: INFO/MainProcess] Scheduler: Sending due task add (email_sending.tasks.add)
[2020-11-23 06:45:31,210: INFO/MainProcess] Received task: email_sending.tasks.add[6a610922-66be-4086-96eb-1f39bbc5601a]  
[2020-11-23 06:45:31,211: INFO/ForkPoolWorker-1] email_sending.tasks.add[6a610922-66be-4086-96eb-1f39bbc5601a]: 
Sum = 50
[2020-11-23 06:45:31,224: INFO/ForkPoolWorker-1] Task email_sending.tasks.add[6a610922-66be-4086-96eb-1f39bbc5601a] succeeded in 0.012426048999941486s: 50
[2020-11-23 06:45:36,143: INFO/MainProcess] Scheduler: Sending due task show_data_time_task (email_sending.tasks.show_date_time_task)
[2020-11-23 06:45:36,146: INFO/MainProcess] Received task: email_sending.tasks.show_date_time_task[76bfdedb-9336-43a7-a82e-ef639a48c713]  
[2020-11-23 06:45:36,147: INFO/ForkPoolWorker-1] email_sending.tasks.show_date_time_task[76bfdedb-9336-43a7-a82e-ef639a48c713]: 
NOW : 11/23/20 - 06:45:36
[2020-11-23 06:45:36,159: INFO/ForkPoolWorker-1] Task email_sending.tasks.show_date_time_task[76bfdedb-9336-43a7-a82e-ef639a48c713] succeeded in 0.012308784000083506s: '11/23/20 - 06:45:36'
[2020-11-23 06:45:36,208: INFO/MainProcess] Scheduler: Sending due task add (email_sending.tasks.add)
[2020-11-23 06:45:36,211: INFO/MainProcess] Received task: email_sending.tasks.add[0846dc3c-9e14-454b-b6fa-c4c950c6d487]  
[2020-11-23 06:45:36,213: INFO/ForkPoolWorker-1] email_sending.tasks.add[0846dc3c-9e14-454b-b6fa-c4c950c6d487]: 
Sum = 50
[2020-11-23 06:45:36,223: INFO/ForkPoolWorker-1] Task email_sending.tasks.add[0846dc3c-9e14-454b-b6fa-c4c950c6d487] succeeded in 0.010606585999994422s: 50
[2020-11-23 06:45:41,147: INFO/MainProcess] Scheduler: Sending due task show_data_time_task (email_sending.tasks.show_date_time_task)
[2020-11-23 06:45:41,151: INFO/MainProcess] Received task: email_sending.tasks.show_date_time_task[2d00cf3e-5b80-4e58-bb5b-0eacff3d4542]  
[2020-11-23 06:45:41,154: INFO/ForkPoolWorker-1] email_sending.tasks.show_date_time_task[2d00cf3e-5b80-4e58-bb5b-0eacff3d4542]: 
NOW : 11/23/20 - 06:45:41
[2020-11-23 06:45:41,208: INFO/MainProcess] Scheduler: Sending due task add (email_sending.tasks.add)
[2020-11-23 06:45:41,214: INFO/MainProcess] Received task: email_sending.tasks.add[90105f0b-adf1-40ff-a945-3510255383b4]  
[2020-11-23 06:45:41,216: INFO/ForkPoolWorker-2] email_sending.tasks.add[90105f0b-adf1-40ff-a945-3510255383b4]: 
Sum = 50
[2020-11-23 06:45:41,224: INFO/ForkPoolWorker-1] Task email_sending.tasks.show_date_time_task[2d00cf3e-5b80-4e58-bb5b-0eacff3d4542] succeeded in 0.06978234500002145s: '11/23/20 - 06:45:41'
[2020-11-23 06:45:41,252: INFO/ForkPoolWorker-2] Task email_sending.tasks.add[90105f0b-adf1-40ff-a945-3510255383b4] succeeded in 0.036344810000059624s: 50
[2020-11-23 06:45:46,148: INFO/MainProcess] Scheduler: Sending due task show_data_time_task (email_sending.tasks.show_date_time_task)
[2020-11-23 06:45:46,150: INFO/MainProcess] Received task: email_sending.tasks.show_date_time_task[8786de6e-240a-4b9f-a45c-c8787c87b1a0]  
[2020-11-23 06:45:46,151: INFO/ForkPoolWorker-1] email_sending.tasks.show_date_time_task[8786de6e-240a-4b9f-a45c-c8787c87b1a0]: 
NOW : 11/23/20 - 06:45:46
[2020-11-23 06:45:46,164: INFO/ForkPoolWorker-1] Task email_sending.tasks.show_date_time_task[8786de6e-240a-4b9f-a45c-c8787c87b1a0] succeeded in 0.013024651000023368s: '11/23/20 - 06:45:46'
[2020-11-23 06:45:46,208: INFO/MainProcess] Scheduler: Sending due task add (email_sending.tasks.add)
[2020-11-23 06:45:46,212: INFO/MainProcess] Received task: email_sending.tasks.add[c5229ec8-575b-46f6-a490-fb67753f8143]  
[2020-11-23 06:45:46,213: INFO/ForkPoolWorker-1] email_sending.tasks.add[c5229ec8-575b-46f6-a490-fb67753f8143]: 
Sum = 50
[2020-11-23 06:45:46,224: INFO/ForkPoolWorker-1] Task email_sending.tasks.add[c5229ec8-575b-46f6-a490-fb67753f8143] succeeded in 0.011598275000096692s: 50
[2020-11-23 06:45:51,148: INFO/MainProcess] Scheduler: Sending due task show_data_time_task (email_sending.tasks.show_date_time_task)
[2020-11-23 06:45:51,150: INFO/MainProcess] Received task: email_sending.tasks.show_date_time_task[a84eb949-87be-4257-8034-6abac344c6fd]  
[2020-11-23 06:45:51,153: INFO/ForkPoolWorker-1] email_sending.tasks.show_date_time_task[a84eb949-87be-4257-8034-6abac344c6fd]: 
NOW : 11/23/20 - 06:45:51
[2020-11-23 06:45:51,170: INFO/ForkPoolWorker-1] Task email_sending.tasks.show_date_time_task[a84eb949-87be-4257-8034-6abac344c6fd] succeeded in 0.016746732999990854s: '11/23/20 - 06:45:51'
[2020-11-23 06:45:51,208: INFO/MainProcess] Scheduler: Sending due task add (email_sending.tasks.add)
[2020-11-23 06:45:51,212: INFO/MainProcess] Received task: email_sending.tasks.add[d18b6ba1-d450-4008-8525-905c5e712387]  
[2020-11-23 06:45:51,213: INFO/ForkPoolWorker-1] email_sending.tasks.add[d18b6ba1-d450-4008-8525-905c5e712387]: 
Sum = 50
[2020-11-23 06:45:51,221: INFO/ForkPoolWorker-1] Task email_sending.tasks.add[d18b6ba1-d450-4008-8525-905c5e712387] succeeded in 0.008388154000044779s: 50
[2020-11-23 06:45:56,148: INFO/MainProcess] Scheduler: Sending due task show_data_time_task (email_sending.tasks.show_date_time_task)
[2020-11-23 06:45:56,151: INFO/MainProcess] Received task: email_sending.tasks.show_date_time_task[73b37352-0e74-4a40-a728-9c433999a624]  
[2020-11-23 06:45:56,153: INFO/ForkPoolWorker-1] email_sending.tasks.show_date_time_task[73b37352-0e74-4a40-a728-9c433999a624]: 
NOW : 11/23/20 - 06:45:56
[2020-11-23 06:45:56,166: INFO/ForkPoolWorker-1] Task email_sending.tasks.show_date_time_task[73b37352-0e74-4a40-a728-9c433999a624] succeeded in 0.013159032999965348s: '11/23/20 - 06:45:56'
[2020-11-23 06:45:56,208: INFO/MainProcess] Scheduler: Sending due task add (email_sending.tasks.add)
[2020-11-23 06:45:56,212: INFO/MainProcess] Received task: email_sending.tasks.add[4bb465c7-76be-425e-9f3b-ca3ee12630a3]  
[2020-11-23 06:45:56,214: INFO/ForkPoolWorker-1] email_sending.tasks.add[4bb465c7-76be-425e-9f3b-ca3ee12630a3]: 
Sum = 50
[2020-11-23 06:45:56,223: INFO/ForkPoolWorker-1] Task email_sending.tasks.add[4bb465c7-76be-425e-9f3b-ca3ee12630a3] succeeded in 0.00893881899992266s: 50
[2020-11-23 06:46:01,148: INFO/MainProcess] Scheduler: Sending due task show_data_time_task (email_sending.tasks.show_date_time_task)
[2020-11-23 06:46:01,150: INFO/MainProcess] Received task: email_sending.tasks.show_date_time_task[36d30753-a898-45f9-8105-0cf5f14a9575]  
[2020-11-23 06:46:01,152: INFO/ForkPoolWorker-1] email_sending.tasks.show_date_time_task[36d30753-a898-45f9-8105-0cf5f14a9575]: 
NOW : 11/23/20 - 06:46:01
[2020-11-23 06:46:01,164: INFO/ForkPoolWorker-1] Task email_sending.tasks.show_date_time_task[36d30753-a898-45f9-8105-0cf5f14a9575] succeeded in 0.012612335999961033s: '11/23/20 - 06:46:01'
[2020-11-23 06:46:01,208: INFO/MainProcess] Scheduler: Sending due task add (email_sending.tasks.add)
[2020-11-23 06:46:01,210: INFO/MainProcess] Received task: email_sending.tasks.add[a832b72f-88d1-4ede-8e90-b8d2277c7253]  
[2020-11-23 06:46:01,214: INFO/ForkPoolWorker-1] email_sending.tasks.add[a832b72f-88d1-4ede-8e90-b8d2277c7253]: 
Sum = 50
[2020-11-23 06:46:01,227: INFO/ForkPoolWorker-1] Task email_sending.tasks.add[a832b72f-88d1-4ede-8e90-b8d2277c7253] succeeded in 0.012722289999942404s: 50
[2020-11-23 06:46:06,148: INFO/MainProcess] Scheduler: Sending due task show_data_time_task (email_sending.tasks.show_date_time_task)
[2020-11-23 06:46:06,150: INFO/MainProcess] Received task: email_sending.tasks.show_date_time_task[173e1e8c-9d66-4727-8176-f8caf47b06a7]  
[2020-11-23 06:46:06,152: INFO/ForkPoolWorker-1] email_sending.tasks.show_date_time_task[173e1e8c-9d66-4727-8176-f8caf47b06a7]: 
NOW : 11/23/20 - 06:46:06
[2020-11-23 06:46:06,161: INFO/ForkPoolWorker-1] Task email_sending.tasks.show_date_time_task[173e1e8c-9d66-4727-8176-f8caf47b06a7] succeeded in 0.009042965000048753s: '11/23/20 - 06:46:06'
[2020-11-23 06:46:06,208: INFO/MainProcess] Scheduler: Sending due task add (email_sending.tasks.add)
[2020-11-23 06:46:06,211: INFO/MainProcess] Received task: email_sending.tasks.add[c6fbe7a8-f9bd-41dd-815f-89f4289be5e2]  
[2020-11-23 06:46:06,213: INFO/ForkPoolWorker-1] email_sending.tasks.add[c6fbe7a8-f9bd-41dd-815f-89f4289be5e2]: 
Sum = 50
[2020-11-23 06:46:06,223: INFO/ForkPoolWorker-1] Task email_sending.tasks.add[c6fbe7a8-f9bd-41dd-815f-89f4289be5e2] succeeded in 0.00976343300010285s: 50
[2020-11-23 06:46:11,148: INFO/MainProcess] Scheduler: Sending due task show_data_time_task (email_sending.tasks.show_date_time_task)
[2020-11-23 06:46:11,151: INFO/MainProcess] Received task: email_sending.tasks.show_date_time_task[d0c16882-c3c3-4e5d-8090-6560dddd7cd9]  
[2020-11-23 06:46:11,154: INFO/ForkPoolWorker-1] email_sending.tasks.show_date_time_task[d0c16882-c3c3-4e5d-8090-6560dddd7cd9]: 
NOW : 11/23/20 - 06:46:11
[2020-11-23 06:46:11,166: INFO/ForkPoolWorker-1] Task email_sending.tasks.show_date_time_task[d0c16882-c3c3-4e5d-8090-6560dddd7cd9] succeeded in 0.011920815000053153s: '11/23/20 - 06:46:11'
[2020-11-23 06:46:11,208: INFO/MainProcess] Scheduler: Sending due task add (email_sending.tasks.add)
[2020-11-23 06:46:11,210: INFO/MainProcess] Received task: email_sending.tasks.add[cf58285a-b161-4e1c-90bc-d6ff7612286c]  
[2020-11-23 06:46:11,213: INFO/ForkPoolWorker-1] email_sending.tasks.add[cf58285a-b161-4e1c-90bc-d6ff7612286c]: 
Sum = 50
[2020-11-23 06:46:11,223: INFO/ForkPoolWorker-1] Task email_sending.tasks.add[cf58285a-b161-4e1c-90bc-d6ff7612286c] succeeded in 0.009922534999986965s: 50
[2020-11-23 06:46:16,148: INFO/MainProcess] Scheduler: Sending due task show_data_time_task (email_sending.tasks.show_date_time_task)
[2020-11-23 06:46:16,152: INFO/MainProcess] Received task: email_sending.tasks.show_date_time_task[cd754804-1347-48a6-83c5-57c5a46ddc77]  
[2020-11-23 06:46:16,153: INFO/ForkPoolWorker-1] email_sending.tasks.show_date_time_task[cd754804-1347-48a6-83c5-57c5a46ddc77]: 
NOW : 11/23/20 - 06:46:16
[2020-11-23 06:46:16,168: INFO/ForkPoolWorker-1] Task email_sending.tasks.show_date_time_task[cd754804-1347-48a6-83c5-57c5a46ddc77] succeeded in 0.014916902999971171s: '11/23/20 - 06:46:16'
[2020-11-23 06:46:16,209: INFO/MainProcess] Scheduler: Sending due task add (email_sending.tasks.add)
[2020-11-23 06:46:16,211: INFO/MainProcess] Received task: email_sending.tasks.add[b3642e13-e9fb-4eda-9ecb-b2f4a7ba2293]  
[2020-11-23 06:46:16,215: INFO/ForkPoolWorker-1] email_sending.tasks.add[b3642e13-e9fb-4eda-9ecb-b2f4a7ba2293]: 
Sum = 50
[2020-11-23 06:46:16,225: INFO/ForkPoolWorker-1] Task email_sending.tasks.add[b3642e13-e9fb-4eda-9ecb-b2f4a7ba2293] succeeded in 0.010263635000001159s: 50
[2020-11-23 06:46:21,148: INFO/MainProcess] Scheduler: Sending due task show_data_time_task (email_sending.tasks.show_date_time_task)
[2020-11-23 06:46:21,151: INFO/MainProcess] Received task: email_sending.tasks.show_date_time_task[5280ffe5-dcbd-406e-bf89-243150c7dbc5]  
[2020-11-23 06:46:21,153: INFO/ForkPoolWorker-1] email_sending.tasks.show_date_time_task[5280ffe5-dcbd-406e-bf89-243150c7dbc5]: 
NOW : 11/23/20 - 06:46:21
[2020-11-23 06:46:21,175: INFO/ForkPoolWorker-1] Task email_sending.tasks.show_date_time_task[5280ffe5-dcbd-406e-bf89-243150c7dbc5] succeeded in 0.02277705500000593s: '11/23/20 - 06:46:21'
[2020-11-23 06:46:21,208: INFO/MainProcess] Scheduler: Sending due task add (email_sending.tasks.add)
[2020-11-23 06:46:21,211: INFO/MainProcess] Received task: email_sending.tasks.add[3a83e7f5-f0a3-4c39-8f6c-4ea92d9592b6]  
[2020-11-23 06:46:21,213: INFO/ForkPoolWorker-1] email_sending.tasks.add[3a83e7f5-f0a3-4c39-8f6c-4ea92d9592b6]: 
Sum = 50
[2020-11-23 06:46:21,222: INFO/ForkPoolWorker-1] Task email_sending.tasks.add[3a83e7f5-f0a3-4c39-8f6c-4ea92d9592b6] succeeded in 0.009323005000055673s: 50
[2020-11-23 06:46:26,149: INFO/MainProcess] Scheduler: Sending due task show_data_time_task (email_sending.tasks.show_date_time_task)
[2020-11-23 06:46:26,152: INFO/MainProcess] Received task: email_sending.tasks.show_date_time_task[c6aace97-b090-4e8a-9fc6-350a3f54356c]  
[2020-11-23 06:46:26,154: INFO/ForkPoolWorker-1] email_sending.tasks.show_date_time_task[c6aace97-b090-4e8a-9fc6-350a3f54356c]: 
NOW : 11/23/20 - 06:46:26
[2020-11-23 06:46:26,173: INFO/ForkPoolWorker-1] Task email_sending.tasks.show_date_time_task[c6aace97-b090-4e8a-9fc6-350a3f54356c] succeeded in 0.019621790999963196s: '11/23/20 - 06:46:26'
[2020-11-23 06:46:26,209: INFO/MainProcess] Scheduler: Sending due task add (email_sending.tasks.add)
[2020-11-23 06:46:26,211: INFO/MainProcess] Received task: email_sending.tasks.add[88d8d457-47be-4710-9f55-2665249a30aa]  
[2020-11-23 06:46:26,213: INFO/ForkPoolWorker-1] email_sending.tasks.add[88d8d457-47be-4710-9f55-2665249a30aa]: 
Sum = 50
[2020-11-23 06:46:26,223: INFO/ForkPoolWorker-1] Task email_sending.tasks.add[88d8d457-47be-4710-9f55-2665249a30aa] succeeded in 0.01006834899999376s: 50
[2020-11-23 06:46:31,149: INFO/MainProcess] Scheduler: Sending due task show_data_time_task (email_sending.tasks.show_date_time_task)
[2020-11-23 06:46:31,151: INFO/MainProcess] Received task: email_sending.tasks.show_date_time_task[0406262d-876f-42e3-8da2-cba9a1763abe]  
[2020-11-23 06:46:31,154: INFO/ForkPoolWorker-1] email_sending.tasks.show_date_time_task[0406262d-876f-42e3-8da2-cba9a1763abe]: 
NOW : 11/23/20 - 06:46:31
[2020-11-23 06:46:31,175: INFO/ForkPoolWorker-1] Task email_sending.tasks.show_date_time_task[0406262d-876f-42e3-8da2-cba9a1763abe] succeeded in 0.02114256800007297s: '11/23/20 - 06:46:31'
[2020-11-23 06:46:31,209: INFO/MainProcess] Scheduler: Sending due task add (email_sending.tasks.add)
[2020-11-23 06:46:31,212: INFO/MainProcess] Received task: email_sending.tasks.add[95df434c-d6e8-41bb-b01c-9897e19713fc]  
[2020-11-23 06:46:31,214: INFO/ForkPoolWorker-1] email_sending.tasks.add[95df434c-d6e8-41bb-b01c-9897e19713fc]: 
Sum = 50
[2020-11-23 06:46:31,228: INFO/ForkPoolWorker-1] Task email_sending.tasks.add[95df434c-d6e8-41bb-b01c-9897e19713fc] succeeded in 0.013326330000040798s: 50
[2020-11-23 06:46:36,149: INFO/MainProcess] Scheduler: Sending due task show_data_time_task (email_sending.tasks.show_date_time_task)
[2020-11-23 06:46:36,151: INFO/MainProcess] Received task: email_sending.tasks.show_date_time_task[6956aea6-65db-4734-8600-7155a640c095]  
[2020-11-23 06:46:36,152: INFO/ForkPoolWorker-1] email_sending.tasks.show_date_time_task[6956aea6-65db-4734-8600-7155a640c095]: 
NOW : 11/23/20 - 06:46:36
[2020-11-23 06:46:36,170: INFO/ForkPoolWorker-1] Task email_sending.tasks.show_date_time_task[6956aea6-65db-4734-8600-7155a640c095] succeeded in 0.018023723000055725s: '11/23/20 - 06:46:36'
[2020-11-23 06:46:36,209: INFO/MainProcess] Scheduler: Sending due task add (email_sending.tasks.add)
[2020-11-23 06:46:36,211: INFO/MainProcess] Received task: email_sending.tasks.add[7474e4fc-f3d2-4be8-8727-5055d7c18ae2]  
[2020-11-23 06:46:36,213: INFO/ForkPoolWorker-1] email_sending.tasks.add[7474e4fc-f3d2-4be8-8727-5055d7c18ae2]: 
Sum = 50
[2020-11-23 06:46:36,228: INFO/ForkPoolWorker-1] Task email_sending.tasks.add[7474e4fc-f3d2-4be8-8727-5055d7c18ae2] succeeded in 0.015834444999995867s: 50
[2020-11-23 06:46:41,149: INFO/MainProcess] Scheduler: Sending due task show_data_time_task (email_sending.tasks.show_date_time_task)
[2020-11-23 06:46:41,151: INFO/MainProcess] Received task: email_sending.tasks.show_date_time_task[5a4813f8-3c18-411f-b77c-67268b56fe6f]  
[2020-11-23 06:46:41,161: INFO/ForkPoolWorker-1] email_sending.tasks.show_date_time_task[5a4813f8-3c18-411f-b77c-67268b56fe6f]: 
NOW : 11/23/20 - 06:46:41
[2020-11-23 06:46:41,176: INFO/ForkPoolWorker-1] Task email_sending.tasks.show_date_time_task[5a4813f8-3c18-411f-b77c-67268b56fe6f] succeeded in 0.0154839299999594s: '11/23/20 - 06:46:41'
[2020-11-23 06:46:41,209: INFO/MainProcess] Scheduler: Sending due task add (email_sending.tasks.add)
[2020-11-23 06:46:41,212: INFO/MainProcess] Received task: email_sending.tasks.add[f3eb9768-c080-4102-a101-2d2af7233f7c]  
